// Jest Snapshot v1, https://goo.gl/fbAQLP

exports[`<UsersList /> snapshot 1`] = `
<div>
  <h4
    className="well"
  >
    thiesen
  </h4>
  <h4
    className="well"
  >
    xunda
  </h4>
</div>
`;
